// Jest Snapshot v1, https://goo.gl/fbAQLP

exports[`#TodoList #TodoList Render should render TodoList component without errors 1`] = `ReactWrapper {}`;
