// Jest Snapshot v1, https://goo.gl/fbAQLP

exports[`#TaskList #TaskList Render should render component 1`] = `ReactWrapper {}`;
